// Jest Snapshot v1, https://goo.gl/fbAQLP

exports[`<Header /> 1`] = `
<header
  class="p-5 bg-danger text-white text-center"
>
  <h1
    class="display-1"
  >
    Quoi de neuf, Google Fonts™ ?
  </h1>
  <p
    class="h4"
  >
    Le plus récentes, les plus 
    <i>
      trendy
    </i>
     et les plus populaires polices Google.
  </p>
</header>
`;
